#
# There is insufficient memory for the Java Runtime Environment to continue.
# Native memory allocation (mmap) failed to map 195035136 bytes for G1 virtual space
# Possible reasons:
#   The system is out of physical RAM or swap space
#   The process is running with CompressedOops enabled, and the Java Heap may be blocking the growth of the native heap
# Possible solutions:
#   Reduce memory load on the system
#   Increase physical memory or swap space
#   Check if swap backing store is full
#   Decrease Java heap size (-Xmx/-Xms)
#   Decrease number of Java threads
#   Decrease Java thread stack sizes (-Xss)
#   Set larger code cache with -XX:ReservedCodeCacheSize=
#   JVM is running with Zero Based Compressed Oops mode in which the Java heap is
#     placed in the first 32GB address space. The Java Heap base address is the
#     maximum limit for the native heap growth. Please use -XX:HeapBaseMinAddress
#     to set the Java Heap base and to place the Java Heap above 32GB virtual address.
# This output file may be truncated or incomplete.
#
#  Out of Memory Error (os_windows.cpp:3603), pid=9028, tid=6984
#
# JRE version:  (21.0.8+12) (build )
# Java VM: Java HotSpot(TM) 64-Bit Server VM (21.0.8+12-LTS-250, mixed mode, sharing, tiered, compressed oops, compressed class ptrs, g1 gc, windows-amd64)
# No core dump will be written. Minidumps are not enabled by default on client versions of Windows
#

---------------  S U M M A R Y ------------

Command Line: -Dfile.encoding=ISO-8859-9 --module-path=C:\Users\arthur\Documents\NetBeansProjects\MinhaGrana\build\classes minhagrana.SistemaMinhaGrana

Host: AMD Ryzen 5 8600G w/ Radeon 760M Graphics      , 12 cores, 11G,  Windows 11 , 64 bit Build 26100 (10.0.26100.7920)
Time: Mon Mar 30 22:06:35 2026 Hora oficial do Brasil elapsed time: 1.074033 seconds (0d 0h 0m 1s)

---------------  T H R E A D  ---------------

Current thread (0x0000024fa4483440):  JavaThread "Unknown thread" [_thread_in_vm, id=6984, stack(0x00000086dd700000,0x00000086dd800000) (1024K)]

Stack: [0x00000086dd700000,0x00000086dd800000]
Native frames: (J=compiled Java code, j=interpreted, Vv=VM code, C=native code)
V  [jvm.dll+0x6cc179]
V  [jvm.dll+0x8584c1]
V  [jvm.dll+0x85a9ee]
V  [jvm.dll+0x85b0c3]
V  [jvm.dll+0x27ebf6]
V  [jvm.dll+0x6c88f5]
V  [jvm.dll+0x6bd45a]
V  [jvm.dll+0x354b1a]
V  [jvm.dll+0x35c796]
V  [jvm.dll+0x3af85e]
V  [jvm.dll+0x3afb08]
V  [jvm.dll+0x328e2c]
V  [jvm.dll+0x32998b]
V  [jvm.dll+0x821879]
V  [jvm.dll+0x3bc541]
V  [jvm.dll+0x80aaf8]
V  [jvm.dll+0x45172e]
V  [jvm.dll+0x453321]
C  [jli.dll+0x52a3]
C  [ucrtbase.dll+0x37b0]
C  [KERNEL32.DLL+0x2e8d7]
C  [ntdll.dll+0x8c48c]


---------------  P R O C E S S  ---------------

Threads class SMR info:
_java_thread_list=0x00007ffb14a0fc48, length=0, elements={
}

Java Threads: ( => current thread )
Total: 0

Other Threads:
  0x0000024fa44d4f10 WorkerThread "GC Thread#0"                     [id=7204, stack(0x00000086dd800000,0x00000086dd900000) (1024K)]
  0x0000024fa4500100 ConcurrentGCThread "G1 Main Marker"            [id=11496, stack(0x00000086dd900000,0x00000086dda00000) (1024K)]
  0x0000024fa4500c00 WorkerThread "G1 Conc#0"                       [id=2304, stack(0x00000086dda00000,0x00000086ddb00000) (1024K)]

[error occurred during error reporting (printing all threads), id 0xc0000005, EXCEPTION_ACCESS_VIOLATION (0xc0000005) at pc=0x00007ffb1417b5b7]
VM state: not at safepoint (not fully initialized)

VM Mutex/Monitor currently owned by a thread:  ([mutex/lock_event])
[0x00007ffb14a80f50] Heap_lock - owner thread: 0x0000024fa4483440

Heap address: 0x0000000746000000, size: 2976 MB, Compressed Oops mode: Zero based, Oop shift amount: 3

CDS archive(s) mapped at: [0x0000000000000000-0x0000000000000000-0x0000000000000000), size 0, SharedBaseAddress: 0x0000000800000000, ArchiveRelocationMode: 1.
Narrow klass base: 0x0000000000000000, Narrow klass shift: 0, Narrow klass range: 0x0

GC Precious Log:
 CardTable entry size: 512
 Card Set container configuration: InlinePtr #cards 4 size 8 Array Of Cards #cards 16 size 48 Howl #buckets 8 coarsen threshold 3686 Howl Bitmap #cards 512 size 80 coarsen threshold 460 Card regions per heap region 1 cards per card region 4096

Heap:
 garbage-first heap   total 0K, used 0K [0x0000000746000000, 0x0000000800000000)
  region size 2048K, 0 young (0K), 0 survivors (0K)

[error occurred during error reporting (printing heap information), id 0xc0000005, EXCEPTION_ACCESS_VIOLATION (0xc0000005) at pc=0x00007ffb145651e9]
GC Heap History (0 events):
No events

Dll operation events (1 events):
Event: 0.006 Loaded shared library C:\Program Files\Java\jdk-21\bin\java.dll

Deoptimization events (0 events):
No events

Classes loaded (0 events):
No events

Classes unloaded (0 events):
No events

Classes redefined (0 events):
No events

Internal exceptions (0 events):
No events

ZGC Phase Switch (0 events):
No events

VM Operations (0 events):
No events

Events (0 events):
No events


Dynamic libraries:
0x00007ff78ab60000 - 0x00007ff78ab70000 	C:\Program Files\Java\jdk-21\bin\java.exe
0x00007ffba7c00000 - 0x00007ffba7e67000 	C:\WINDOWS\SYSTEM32\ntdll.dll
0x00007ffba7090000 - 0x00007ffba7159000 	C:\WINDOWS\System32\KERNEL32.DLL
0x00007ffba4780000 - 0x00007ffba4b71000 	C:\WINDOWS\System32\KERNELBASE.dll
0x00007ffba5590000 - 0x00007ffba56db000 	C:\WINDOWS\System32\ucrtbase.dll
0x00007ffb9fc70000 - 0x00007ffb9fc89000 	C:\Program Files\Java\jdk-21\bin\jli.dll
0x00007ffb95b10000 - 0x00007ffb95b2b000 	C:\Program Files\Java\jdk-21\bin\VCRUNTIME140.dll
0x00007ffba73c0000 - 0x00007ffba747b000 	C:\WINDOWS\System32\ADVAPI32.dll
0x00007ffba6ca0000 - 0x00007ffba6d49000 	C:\WINDOWS\System32\msvcrt.dll
0x00007ffba6fe0000 - 0x00007ffba7087000 	C:\WINDOWS\System32\sechost.dll
0x00007ffba5f40000 - 0x00007ffba6058000 	C:\WINDOWS\System32\RPCRT4.dll
0x00007ffba7510000 - 0x00007ffba76d5000 	C:\WINDOWS\System32\USER32.dll
0x00007ffba54b0000 - 0x00007ffba54d7000 	C:\WINDOWS\System32\win32u.dll
0x00007ffba71b0000 - 0x00007ffba71db000 	C:\WINDOWS\System32\GDI32.dll
0x00007ffb87230000 - 0x00007ffb874c3000 	C:\WINDOWS\WinSxS\amd64_microsoft.windows.common-controls_6595b64144ccf1df_6.0.26100.8037_none_3e092faae333b53b\COMCTL32.dll
0x00007ffba4650000 - 0x00007ffba477b000 	C:\WINDOWS\System32\gdi32full.dll
0x00007ffba56e0000 - 0x00007ffba5783000 	C:\WINDOWS\System32\msvcp_win.dll
0x00007ffb9a740000 - 0x00007ffb9a74b000 	C:\WINDOWS\SYSTEM32\VERSION.dll
0x00007ffba6c60000 - 0x00007ffba6c91000 	C:\WINDOWS\System32\IMM32.DLL
0x00007ffb95d60000 - 0x00007ffb95d6c000 	C:\Program Files\Java\jdk-21\bin\vcruntime140_1.dll
0x00007ffb8ae40000 - 0x00007ffb8aece000 	C:\Program Files\Java\jdk-21\bin\msvcp140.dll
0x00007ffb13e40000 - 0x00007ffb14b5d000 	C:\Program Files\Java\jdk-21\bin\server\jvm.dll
0x00007ffba6f60000 - 0x00007ffba6fd4000 	C:\WINDOWS\System32\WS2_32.dll
0x00007ffb9a570000 - 0x00007ffb9a5a5000 	C:\WINDOWS\SYSTEM32\WINMM.dll
0x00007ffba4340000 - 0x00007ffba439e000 	C:\WINDOWS\SYSTEM32\POWRPROF.dll
0x00007ffba4320000 - 0x00007ffba4334000 	C:\WINDOWS\SYSTEM32\UMPDC.dll
0x00007ffba3270000 - 0x00007ffba328b000 	C:\WINDOWS\SYSTEM32\kernel.appcore.dll
0x00007ffb95cc0000 - 0x00007ffb95cca000 	C:\Program Files\Java\jdk-21\bin\jimage.dll
0x00007ffb9d7c0000 - 0x00007ffb9da02000 	C:\WINDOWS\SYSTEM32\DBGHELP.DLL
0x00007ffba6890000 - 0x00007ffba6c12000 	C:\WINDOWS\System32\combase.dll
0x00007ffba6d50000 - 0x00007ffba6e27000 	C:\WINDOWS\System32\OLEAUT32.dll
0x00007ffb93ae0000 - 0x00007ffb93b1b000 	C:\WINDOWS\SYSTEM32\dbgcore.DLL
0x00007ffba54e0000 - 0x00007ffba5585000 	C:\WINDOWS\System32\bcryptPrimitives.dll
0x00007ffb95ab0000 - 0x00007ffb95acf000 	C:\Program Files\Java\jdk-21\bin\java.dll

dbghelp: loaded successfully - version: 4.0.5 - missing functions: none
symbol engine: initialized successfully - sym options: 0x614 - pdb path: .;C:\Program Files\Java\jdk-21\bin;C:\WINDOWS\SYSTEM32;C:\WINDOWS\WinSxS\amd64_microsoft.windows.common-controls_6595b64144ccf1df_6.0.26100.8037_none_3e092faae333b53b;C:\Program Files\Java\jdk-21\bin\server

VM Arguments:
jvm_args: -Dfile.encoding=ISO-8859-9 --module-path=C:\Users\arthur\Documents\NetBeansProjects\MinhaGrana\build\classes 
java_command: minhagrana.SistemaMinhaGrana
java_class_path (initial): C:\Program Files\NetBeans-25\netbeans\java\modules\ext\AbsoluteLayout.jar;C:\Users\arthur\Documents\NetBeansProjects\AplicacaoAcessoBD\mysql-connector-j-9.6.0.jar;C:\Users\arthur\Downloads\mysql-connector-j-9.6.0.zip;C:\Users\arthur\Documents\NetBeansProjects\MinhaGrana\build\classes
Launcher Type: SUN_STANDARD

[Global flags]
     intx CICompilerCount                          = 4                                         {product} {ergonomic}
     uint ConcGCThreads                            = 3                                         {product} {ergonomic}
     uint G1ConcRefinementThreads                  = 10                                        {product} {ergonomic}
   size_t G1HeapRegionSize                         = 2097152                                   {product} {ergonomic}
    uintx GCDrainStackTargetSize                   = 64                                        {product} {ergonomic}
   size_t InitialHeapSize                          = 195035136                                 {product} {ergonomic}
   size_t MarkStackSize                            = 4194304                                   {product} {ergonomic}
   size_t MaxHeapSize                              = 3120562176                                {product} {ergonomic}
   size_t MinHeapDeltaBytes                        = 2097152                                   {product} {ergonomic}
   size_t MinHeapSize                              = 8388608                                   {product} {ergonomic}
    uintx NonNMethodCodeHeapSize                   = 5839372                                {pd product} {ergonomic}
    uintx NonProfiledCodeHeapSize                  = 122909434                              {pd product} {ergonomic}
    uintx ProfiledCodeHeapSize                     = 122909434                              {pd product} {ergonomic}
    uintx ReservedCodeCacheSize                    = 251658240                              {pd product} {ergonomic}
     bool SegmentedCodeCache                       = true                                      {product} {ergonomic}
   size_t SoftMaxHeapSize                          = 3120562176                             {manageable} {ergonomic}
     bool UseCompressedOops                        = true                           {product lp64_product} {ergonomic}
     bool UseG1GC                                  = true                                      {product} {ergonomic}
     bool UseLargePagesIndividualAllocation        = false                                  {pd product} {ergonomic}

Logging:
Log output configuration:
 #0: stdout all=warning uptime,level,tags foldmultilines=false
 #1: stderr all=off uptime,level,tags foldmultilines=false

Environment Variables:
PATH=C:\Program Files\Common Files\Oracle\Java\javapath;C:\Program Files (x86)\Common Files\Oracle\Java\java8path;C:\Program Files (x86)\Common Files\Oracle\Java\javapath;c:\windows\system32;c:\windows;c:\windows\system32\wbem;c:\windows\system32\windowspowershell\v1.0\;c:\windows\system32\openssh\;c:\programdata\univali\portugol studio;c:\program files\dotnet\;c:\program files\nvidia corporation\nvidia nvdlisr;C:\WINDOWS\system32;C:\WINDOWS;C:\WINDOWS\System32\Wbem;C:\WINDOWS\System32\WindowsPowerShell\v1.0\;C:\WINDOWS\System32\OpenSSH\;C:\Program Files\Git\cmd;C:\Users\arthur\AppData\Local\Microsoft\WindowsApps;C:\Users\arthur\AppData\Local\Programs\Microsoft VS Code\bin
USERNAME=arthur
OS=Windows_NT
PROCESSOR_IDENTIFIER=AMD64 Family 25 Model 117 Stepping 2, AuthenticAMD
TMP=C:\Users\arthur\AppData\Local\Temp
TEMP=C:\Users\arthur\AppData\Local\Temp




Periodic native trim disabled

---------------  S Y S T E M  ---------------

OS:
 Windows 11 , 64 bit Build 26100 (10.0.26100.7920)
OS uptime: 0 days 9:01 hours

CPU: total 12 (initial active 12) (12 cores per cpu, 2 threads per core) family 25 model 117 stepping 2 microcode 0xa70520a, cx8, cmov, fxsr, ht, mmx, 3dnowpref, sse, sse2, sse3, ssse3, sse4a, sse4.1, sse4.2, popcnt, lzcnt, tsc, tscinvbit, avx, avx2, aes, erms, clmul, bmi1, bmi2, adx, avx512f, avx512dq, avx512cd, avx512bw, avx512vl, sha, fma, vzeroupper, avx512_vpopcntdq, avx512_vpclmulqdq, avx512_vaes, avx512_vnni, clflush, clflushopt, avx512_vbmi2, avx512_vbmi, rdtscp, rdpid, fsrm, gfni, avx512_bitalg, f16c, pku, cet_ss, avx512_ifma
Processor Information for all 12 processors :
  Max Mhz: 4351, Current Mhz: 4351, Mhz Limit: 4351

Memory: 4k page, system-wide physical 11897M (3451M free)
TotalPageFile size 14280M (AvailPageFile size 116M)
current process WorkingSet (physical memory assigned to process): 12M, peak: 12M
current process commit charge ("private bytes"): 64M, peak: 250M

vm_info: Java HotSpot(TM) 64-Bit Server VM (21.0.8+12-LTS-250) for windows-amd64 JRE (21.0.8+12-LTS-250), built on 2025-06-27T08:11:22Z by "mach5one" with MS VC++ 17.6 (VS2022)

END.
